
> st_lab@1.0.0 test
> mocha test/tests/*.test.js --timeout 30000



  EventsAndAccommodationTest - Events Slider and Accommodation Module
    1) TC-041: Events Section Title Display
    2) "after each" hook for "TC-041: Events Section Title Display"

  HeaderTest - Visual and Display Verification
    3) TC-011: Header Title Display Verification
    4) TC-012: Header Subtitle Display Verification
    5) TC-013: Floating Button Display Verification
    6) TC-014: Floating Button Navigation Functionality
    7) TC-015: Header Chevron Icon Display
    8) "after each" hook for "TC-015: Header Chevron Icon Display"

  ImageGridTests - Category Image Grid Module
    9) TC-021: Image Grid Display Verification - All 8 boxes
    10) "after each" hook for "TC-021: Image Grid Display Verification - All 8 boxes"

  NavigationTest - Navbar Links and Dropdowns
    11) TC-001: Home Navigation Link Functionality
    12) "after each" hook for "TC-001: Home Navigation Link Functionality"

  TopAttractionsTest - Attractions Module
    13) TC-031: Top Attractions Section Title Display
    14) "after each" hook for "TC-031: Top Attractions Section Title Display"


  0 passing (7m)
  14 failing

  1) EventsAndAccommodationTest - Events Slider and Accommodation Module
       TC-041: Events Section Title Display:
     Error: Timeout of 30000ms exceeded. For async tests and hooks, ensure "done()" is called; if returning a Promise, ensure it resolves. (C:\Users\adity\OneDrive\Documents\aditya\Acads\sem 8\ST\EXP4\ST_LAB\test\tests\EventsAndAccommodationTest.test.js)
      at listOnTimeout (node:internal/timers:605:17)
      at process.processTimers (node:internal/timers:541:7)

  2) EventsAndAccommodationTest - Events Slider and Accommodation Module
       "after each" hook for "TC-041: Events Section Title Display":
     Error: Timeout of 30000ms exceeded. For async tests and hooks, ensure "done()" is called; if returning a Promise, ensure it resolves. (C:\Users\adity\OneDrive\Documents\aditya\Acads\sem 8\ST\EXP4\ST_LAB\test\tests\EventsAndAccommodationTest.test.js)
      at listOnTimeout (node:internal/timers:605:17)
      at process.processTimers (node:internal/timers:541:7)

  3) HeaderTest - Visual and Display Verification
       TC-011: Header Title Display Verification:
     Error: Timeout of 30000ms exceeded. For async tests and hooks, ensure "done()" is called; if returning a Promise, ensure it resolves. (C:\Users\adity\OneDrive\Documents\aditya\Acads\sem 8\ST\EXP4\ST_LAB\test\tests\HeaderTest.test.js)
      at listOnTimeout (node:internal/timers:605:17)
      at process.processTimers (node:internal/timers:541:7)

  4) HeaderTest - Visual and Display Verification
       TC-012: Header Subtitle Display Verification:
     NoSuchWindowError: no such window: target window already closed
from unknown error: web view not found
  (Session info: chrome=145.0.7632.117)
      at Object.throwDecodedError (node_modules\selenium-webdriver\lib\error.js:523:15)
      at parseHttpResponse (node_modules\selenium-webdriver\lib\http.js:526:13)
      at Executor.execute (node_modules\selenium-webdriver\lib\http.js:458:28)
      at process.processTicksAndRejections (node:internal/process/task_queues:103:5)
      at async Driver.execute (node_modules\selenium-webdriver\lib\webdriver.js:745:17)
      at async Driver.findElements (node_modules\selenium-webdriver\lib\webdriver.js:1073:17)

  5) HeaderTest - Visual and Display Verification
       TC-013: Floating Button Display Verification:
     NoSuchWindowError: no such window: target window already closed
from unknown error: web view not found
  (Session info: chrome=145.0.7632.117)
      at Object.throwDecodedError (node_modules\selenium-webdriver\lib\error.js:523:15)
      at parseHttpResponse (node_modules\selenium-webdriver\lib\http.js:526:13)
      at Executor.execute (node_modules\selenium-webdriver\lib\http.js:458:28)
      at process.processTicksAndRejections (node:internal/process/task_queues:103:5)
      at async Driver.execute (node_modules\selenium-webdriver\lib\webdriver.js:745:17)
      at async Driver.findElements (node_modules\selenium-webdriver\lib\webdriver.js:1073:17)

  6) HeaderTest - Visual and Display Verification
       TC-014: Floating Button Navigation Functionality:
     NoSuchWindowError: no such window: target window already closed
from unknown error: web view not found
  (Session info: chrome=145.0.7632.117)
      at Object.throwDecodedError (node_modules\selenium-webdriver\lib\error.js:523:15)
      at parseHttpResponse (node_modules\selenium-webdriver\lib\http.js:526:13)
      at Executor.execute (node_modules\selenium-webdriver\lib\http.js:458:28)
      at process.processTicksAndRejections (node:internal/process/task_queues:103:5)
      at async Driver.execute (node_modules\selenium-webdriver\lib\webdriver.js:745:17)
      at async Driver.findElements (node_modules\selenium-webdriver\lib\webdriver.js:1073:17)

  7) HeaderTest - Visual and Display Verification
       TC-015: Header Chevron Icon Display:
     Error: Timeout of 30000ms exceeded. For async tests and hooks, ensure "done()" is called; if returning a Promise, ensure it resolves. (C:\Users\adity\OneDrive\Documents\aditya\Acads\sem 8\ST\EXP4\ST_LAB\test\tests\HeaderTest.test.js)
      at listOnTimeout (node:internal/timers:605:17)
      at process.processTimers (node:internal/timers:541:7)

  8) HeaderTest - Visual and Display Verification
       "after each" hook for "TC-015: Header Chevron Icon Display":
     Error: Timeout of 30000ms exceeded. For async tests and hooks, ensure "done()" is called; if returning a Promise, ensure it resolves. (C:\Users\adity\OneDrive\Documents\aditya\Acads\sem 8\ST\EXP4\ST_LAB\test\tests\HeaderTest.test.js)
      at listOnTimeout (node:internal/timers:605:17)
      at process.processTimers (node:internal/timers:541:7)

  9) ImageGridTests - Category Image Grid Module
       TC-021: Image Grid Display Verification - All 8 boxes:
     Error: Timeout of 30000ms exceeded. For async tests and hooks, ensure "done()" is called; if returning a Promise, ensure it resolves. (C:\Users\adity\OneDrive\Documents\aditya\Acads\sem 8\ST\EXP4\ST_LAB\test\tests\ImageGridTests.test.js)
      at listOnTimeout (node:internal/timers:605:17)
      at process.processTimers (node:internal/timers:541:7)

  10) ImageGridTests - Category Image Grid Module
       "after each" hook for "TC-021: Image Grid Display Verification - All 8 boxes":
     Error: Timeout of 30000ms exceeded. For async tests and hooks, ensure "done()" is called; if returning a Promise, ensure it resolves. (C:\Users\adity\OneDrive\Documents\aditya\Acads\sem 8\ST\EXP4\ST_LAB\test\tests\ImageGridTests.test.js)
      at listOnTimeout (node:internal/timers:605:17)
      at process.processTimers (node:internal/timers:541:7)

  11) NavigationTest - Navbar Links and Dropdowns
       TC-001: Home Navigation Link Functionality:
     Error: Timeout of 30000ms exceeded. For async tests and hooks, ensure "done()" is called; if returning a Promise, ensure it resolves. (C:\Users\adity\OneDrive\Documents\aditya\Acads\sem 8\ST\EXP4\ST_LAB\test\tests\NavigationTest.test.js)
      at listOnTimeout (node:internal/timers:605:17)
      at process.processTimers (node:internal/timers:541:7)

  12) NavigationTest - Navbar Links and Dropdowns
       "after each" hook for "TC-001: Home Navigation Link Functionality":
     Error: Timeout of 30000ms exceeded. For async tests and hooks, ensure "done()" is called; if returning a Promise, ensure it resolves. (C:\Users\adity\OneDrive\Documents\aditya\Acads\sem 8\ST\EXP4\ST_LAB\test\tests\NavigationTest.test.js)
      at listOnTimeout (node:internal/timers:605:17)
      at process.processTimers (node:internal/timers:541:7)

  13) TopAttractionsTest - Attractions Module
       TC-031: Top Attractions Section Title Display:
     Error: Timeout of 30000ms exceeded. For async tests and hooks, ensure "done()" is called; if returning a Promise, ensure it resolves. (C:\Users\adity\OneDrive\Documents\aditya\Acads\sem 8\ST\EXP4\ST_LAB\test\tests\TopAttractionsTest.test.js)
      at listOnTimeout (node:internal/timers:605:17)
      at process.processTimers (node:internal/timers:541:7)

  14) TopAttractionsTest - Attractions Module
       "after each" hook for "TC-031: Top Attractions Section Title Display":
     Error: Timeout of 30000ms exceeded. For async tests and hooks, ensure "done()" is called; if returning a Promise, ensure it resolves. (C:\Users\adity\OneDrive\Documents\aditya\Acads\sem 8\ST\EXP4\ST_LAB\test\tests\TopAttractionsTest.test.js)
      at listOnTimeout (node:internal/timers:605:17)
      at process.processTimers (node:internal/timers:541:7)



